<?xml version="1.0" encoding="utf-8"?>
<TestRun id="89916019-930d-4b39-8989-cf20cd1a9406" name="farley.silva@LMINOTE-1096 2026-10-08 17:54:53" runUser="LMINOTE-1096\farley.silva" xmlns="http://microsoft.com/schemas/VisualStudio/TeamTest/2010">
  <Times creation="2026-10-08T17:54:53.6580622-03:00" queuing="2026-10-08T17:54:53.6580632-03:00" start="2026-10-08T17:54:49.4236521-03:00" finish="2026-10-08T17:55:01.2698779-03:00" />
  <TestSettings name="default" id="b10c217d-69a5-47b1-9b3c-aa338de70f4a">
    <Deployment runDeploymentRoot="farley.silva_LMINOTE-1096_2026-10-08_17_54_53" />
  </TestSettings>
  <Results>
    <UnitTestResult executionId="6e7ed646-4618-4d67-88e0-bee888950cc5" testId="7186da43-fc01-c5af-725e-f96fb50d7b2e" testName="APIBack.Tests.Unit.RiderPayTests.InvalidRateCannotBeRoundedSilently(value: 1,001)" computerName="LMINOTE-1096" duration="00:00:00.0008048" startTime="2026-10-08T17:54:53.5821593-03:00" endTime="2026-10-08T17:54:53.5821596-03:00" testType="13cdc9d9-ddb5-4fa4-a97d-d965ccfc6d4b" outcome="Passed" testListId="8c84fa94-04c1-424b-9868-57a2d4851a1d" relativeResultsDirectory="6e7ed646-4618-4d67-88e0-bee888950cc5" />
    <UnitTestResult executionId="039181fe-dd81-49db-be37-e9cbaff2bfac" testId="cbe0bb54-4cf6-4269-a762-d298858e5f13" testName="APIBack.Tests.Integration.DeliverySyncDatabaseTests.WorkIdentityAndMutationsAreRestrictedToTenantAndRider" computerName="LMINOTE-1096" duration="00:00:00.7073553" startTime="2026-10-08T17:54:58.5274579-03:00" endTime="2026-10-08T17:54:58.5274588-03:00" testType="13cdc9d9-ddb5-4fa4-a97d-d965ccfc6d4b" outcome="Passed" testListId="8c84fa94-04c1-424b-9868-57a2d4851a1d" relativeResultsDirectory="039181fe-dd81-49db-be37-e9cbaff2bfac" />
    <UnitTestResult executionId="f13bbd45-0f8a-431b-9123-a1dc92a4539d" testId="35cf9a9f-d5bc-3257-686c-b5d87a3eb91b" testName="APIBack.Tests.Unit.RiderPayTests.PeriodCannotBeFutureRetroactiveOrDeliveryMode" computerName="LMINOTE-1096" duration="00:00:00.0044697" startTime="2026-10-08T17:54:53.5757616-03:00" endTime="2026-10-08T17:54:53.5757619-03:00" testType="13cdc9d9-ddb5-4fa4-a97d-d965ccfc6d4b" outcome="Passed" testListId="8c84fa94-04c1-424b-9868-57a2d4851a1d" relativeResultsDirectory="f13bbd45-0f8a-431b-9123-a1dc92a4539d" />
    <UnitTestResult executionId="405c9d7e-fab0-46d2-b2c9-7b54a35ca267" testId="bd2cb263-bb60-e511-098b-b0e972cf95c1" testName="APIBack.Tests.Unit.RiderPayTests.SettlementCannotSkipReviewOrBePaidUnilaterally(status: &quot;paid&quot;, action: &quot;pay&quot;, owner: False)" computerName="LMINOTE-1096" duration="00:00:00.0009446" startTime="2026-10-08T17:54:53.5744420-03:00" endTime="2026-10-08T17:54:53.5744424-03:00" testType="13cdc9d9-ddb5-4fa4-a97d-d965ccfc6d4b" outcome="Passed" testListId="8c84fa94-04c1-424b-9868-57a2d4851a1d" relativeResultsDirectory="405c9d7e-fab0-46d2-b2c9-7b54a35ca267" />
    <UnitTestResult executionId="3f25fa5e-8cf7-4e59-8af8-a9337f476720" testId="78a8f86c-8f1b-7cb1-9402-b8a29ed647ba" testName="APIBack.Tests.Unit.RiderPayTests.DistanceIsOnlyRateTimesKnownDistanceAndRoundsCents" computerName="LMINOTE-1096" duration="00:00:00.0251244" startTime="2026-10-08T17:54:53.5832444-03:00" endTime="2026-10-08T17:54:53.5832446-03:00" testType="13cdc9d9-ddb5-4fa4-a97d-d965ccfc6d4b" outcome="Passed" testListId="8c84fa94-04c1-424b-9868-57a2d4851a1d" relativeResultsDirectory="3f25fa5e-8cf7-4e59-8af8-a9337f476720" />
    <UnitTestResult executionId="2f745aaf-3ff9-4408-9bc0-bf2ab864b575" testId="949c0de4-a49b-a523-8c72-f71c0d959632" testName="APIBack.Tests.Unit.RiderPayTests.HourUsesConfirmedMinutesNotCalendarDuration" computerName="LMINOTE-1096" duration="00:00:00.0024090" startTime="2026-10-08T17:54:53.5830719-03:00" endTime="2026-10-08T17:54:53.5830721-03:00" testType="13cdc9d9-ddb5-4fa4-a97d-d965ccfc6d4b" outcome="Passed" testListId="8c84fa94-04c1-424b-9868-57a2d4851a1d" relativeResultsDirectory="2f745aaf-3ff9-4408-9bc0-bf2ab864b575" />
    <UnitTestResult executionId="ec1977da-6c6a-492b-b9f9-52f28f40663e" testId="a29595b3-09cc-1261-9b15-5354258b9f42" testName="APIBack.Tests.Unit.RiderPayTests.CalendarPeriodsUseFullAmountAndDoNotPretendHalfMonthIsFifteenDays(mode: &quot;day&quot;, start: &quot;2026-01-01T00:00:00-03:00&quot;, end: &quot;2026-01-02T00:00:00-03:00&quot;)" computerName="LMINOTE-1096" duration="00:00:00.0001048" startTime="2026-10-08T17:54:53.5270524-03:00" endTime="2026-10-08T17:54:53.5270526-03:00" testType="13cdc9d9-ddb5-4fa4-a97d-d965ccfc6d4b" outcome="Passed" testListId="8c84fa94-04c1-424b-9868-57a2d4851a1d" relativeResultsDirectory="ec1977da-6c6a-492b-b9f9-52f28f40663e" />
    <UnitTestResult executionId="5f12dab4-9531-449e-84f0-88660030bcf6" testId="6bf3926e-60fc-00e7-fdfa-8b2a599d8cba" testName="APIBack.Tests.Integration.DeliverySyncDatabaseTests.WorkSettlementRequiresReviewAndCashReturnIsIndependentOfPay" computerName="LMINOTE-1096" duration="00:00:00.8351817" startTime="2026-10-08T17:55:01.0280655-03:00" endTime="2026-10-08T17:55:01.0280664-03:00" testType="13cdc9d9-ddb5-4fa4-a97d-d965ccfc6d4b" outcome="Passed" testListId="8c84fa94-04c1-424b-9868-57a2d4851a1d" relativeResultsDirectory="5f12dab4-9531-449e-84f0-88660030bcf6" />
    <UnitTestResult executionId="2cd2b627-82f4-416a-b0bc-5a7bc73b2f4f" testId="b968465c-c38c-8f91-a4b7-b88a4d6ce91c" testName="APIBack.Tests.Unit.RiderPayTests.SettlementCannotSkipReviewOrBePaidUnilaterally(status: &quot;draft&quot;, action: &quot;pay&quot;, owner: True)" computerName="LMINOTE-1096" duration="00:00:00.0001159" startTime="2026-10-08T17:54:53.5752399-03:00" endTime="2026-10-08T17:54:53.5752403-03:00" testType="13cdc9d9-ddb5-4fa4-a97d-d965ccfc6d4b" outcome="Passed" testListId="8c84fa94-04c1-424b-9868-57a2d4851a1d" relativeResultsDirectory="2cd2b627-82f4-416a-b0bc-5a7bc73b2f4f" />
    <UnitTestResult executionId="d79d3369-868a-4a73-8a78-ccdc59bd06f2" testId="36cd1b39-ecbc-fe53-b4d3-27850fce8783" testName="APIBack.Tests.Unit.RiderPayTests.SettlementCannotSkipReviewOrBePaidUnilaterally(status: &quot;reviewed&quot;, action: &quot;receive&quot;, owner: True)" computerName="LMINOTE-1096" duration="00:00:00.0001103" startTime="2026-10-08T17:54:53.5755771-03:00" endTime="2026-10-08T17:54:53.5755773-03:00" testType="13cdc9d9-ddb5-4fa4-a97d-d965ccfc6d4b" outcome="Passed" testListId="8c84fa94-04c1-424b-9868-57a2d4851a1d" relativeResultsDirectory="d79d3369-868a-4a73-8a78-ccdc59bd06f2" />
    <UnitTestResult executionId="3b830c9d-de81-458a-b4e3-669899bf1022" testId="23907c42-1bc7-bdd3-b991-64dda9b9ba04" testName="APIBack.Tests.Integration.DeliverySyncDatabaseTests.WorkRejectsMissingPlanAndDistanceInsteadOfInventingZero" computerName="LMINOTE-1096" duration="00:00:00.5529798" startTime="2026-10-08T17:54:57.8195792-03:00" endTime="2026-10-08T17:54:57.8195800-03:00" testType="13cdc9d9-ddb5-4fa4-a97d-d965ccfc6d4b" outcome="Passed" testListId="8c84fa94-04c1-424b-9868-57a2d4851a1d" relativeResultsDirectory="3b830c9d-de81-458a-b4e3-669899bf1022" />
    <UnitTestResult executionId="037b42ad-1e75-42a3-9a05-6d9619326758" testId="2d3856fe-187f-ba6b-6a69-f82a7478dfbd" testName="APIBack.Tests.Integration.DeliverySyncDatabaseTests.WorkBlocksUnconfirmedCashAndCancelledSettlementReleasesEntries" computerName="LMINOTE-1096" duration="00:00:00.6223604" startTime="2026-10-08T17:54:59.1503425-03:00" endTime="2026-10-08T17:54:59.1503433-03:00" testType="13cdc9d9-ddb5-4fa4-a97d-d965ccfc6d4b" outcome="Passed" testListId="8c84fa94-04c1-424b-9868-57a2d4851a1d" relativeResultsDirectory="037b42ad-1e75-42a3-9a05-6d9619326758" />
    <UnitTestResult executionId="10db80b5-6c58-41ef-b954-429b8ad48e17" testId="71abe8f5-3b71-9730-6535-bf395d26a11b" testName="APIBack.Tests.Integration.DeliverySyncDatabaseTests.WorkMigrationVerifiesAndRollbackOnlyAllowsEmptyTables" computerName="LMINOTE-1096" duration="00:00:01.9978970" startTime="2026-10-08T17:54:55.4124333-03:00" endTime="2026-10-08T17:54:55.4124344-03:00" testType="13cdc9d9-ddb5-4fa4-a97d-d965ccfc6d4b" outcome="Passed" testListId="8c84fa94-04c1-424b-9868-57a2d4851a1d" relativeResultsDirectory="10db80b5-6c58-41ef-b954-429b8ad48e17" />
    <UnitTestResult executionId="71c407ad-95f5-4a6f-9f91-43db84eb8e62" testId="9d551be1-7ec8-adf7-919a-11fcbd157328" testName="APIBack.Tests.Unit.RiderPayTests.CalendarPeriodsUseFullAmountAndDoNotPretendHalfMonthIsFifteenDays(mode: &quot;week&quot;, start: &quot;2026-01-05T00:00:00-03:00&quot;, end: &quot;2026-01-12T00:00:00-03:00&quot;)" computerName="LMINOTE-1096" duration="00:00:00.0001917" startTime="2026-10-08T17:54:53.5267547-03:00" endTime="2026-10-08T17:54:53.5267549-03:00" testType="13cdc9d9-ddb5-4fa4-a97d-d965ccfc6d4b" outcome="Passed" testListId="8c84fa94-04c1-424b-9868-57a2d4851a1d" relativeResultsDirectory="71c407ad-95f5-4a6f-9f91-43db84eb8e62" />
    <UnitTestResult executionId="7741d439-aa9d-4088-9c00-f0bbb856c4d9" testId="b68a8bc6-588d-193c-870e-7ba7beb6dc00" testName="APIBack.Tests.Unit.RiderPayTests.CalendarPeriodsUseFullAmountAndDoNotPretendHalfMonthIsFifteenDays(mode: &quot;fortnight&quot;, start: &quot;2026-01-16T00:00:00-03:00&quot;, end: &quot;2026-02-01T00:00:00-03:00&quot;)" computerName="LMINOTE-1096" duration="00:00:00.0001164" startTime="2026-10-08T17:54:53.5269105-03:00" endTime="2026-10-08T17:54:53.5269107-03:00" testType="13cdc9d9-ddb5-4fa4-a97d-d965ccfc6d4b" outcome="Passed" testListId="8c84fa94-04c1-424b-9868-57a2d4851a1d" relativeResultsDirectory="7741d439-aa9d-4088-9c00-f0bbb856c4d9" />
    <UnitTestResult executionId="92c9aa49-8164-4db5-a6fd-092cdb90490c" testId="eb6ad7cc-4c6a-0c06-9704-808d9a132cc8" testName="APIBack.Tests.Unit.WaEventoWorkerTests.Evento_processado_e_marcado_e_o_ignorado_guarda_o_motivo" computerName="LMINOTE-1096" duration="00:00:00.3638976" startTime="2026-10-08T17:54:53.7946234-03:00" endTime="2026-10-08T17:54:53.7946244-03:00" testType="13cdc9d9-ddb5-4fa4-a97d-d965ccfc6d4b" outcome="Passed" testListId="8c84fa94-04c1-424b-9868-57a2d4851a1d" relativeResultsDirectory="92c9aa49-8164-4db5-a6fd-092cdb90490c" />
    <UnitTestResult executionId="cd131266-52b5-476a-b80c-ada1bfda37cb" testId="ddf81f32-9565-b30d-a31a-caec8874904b" testName="APIBack.Tests.Unit.RiderPayTests.RejectedModesCannotBecomePaymentPlans(mode: &quot;negotiated&quot;)" computerName="LMINOTE-1096" duration="00:00:00.0000933" startTime="2026-10-08T17:54:53.5762321-03:00" endTime="2026-10-08T17:54:53.5762323-03:00" testType="13cdc9d9-ddb5-4fa4-a97d-d965ccfc6d4b" outcome="Passed" testListId="8c84fa94-04c1-424b-9868-57a2d4851a1d" relativeResultsDirectory="cd131266-52b5-476a-b80c-ada1bfda37cb" />
    <UnitTestResult executionId="0c3fcc95-56e3-494e-a996-fa0335ac0fc1" testId="90a12240-9b29-fb3b-311f-189e17bd8e6f" testName="APIBack.Tests.Unit.WaEventoWorkerTests.Falha_volta_para_a_fila_com_espera_crescente_e_na_quinta_tentativa_vira_erro" computerName="LMINOTE-1096" duration="00:00:00.0355330" startTime="2026-10-08T17:54:53.8410625-03:00" endTime="2026-10-08T17:54:53.8410643-03:00" testType="13cdc9d9-ddb5-4fa4-a97d-d965ccfc6d4b" outcome="Passed" testListId="8c84fa94-04c1-424b-9868-57a2d4851a1d" relativeResultsDirectory="0c3fcc95-56e3-494e-a996-fa0335ac0fc1" />
    <UnitTestResult executionId="04e0b737-0989-4ca4-9599-7b81f6f7c21e" testId="66bad8f8-2983-e150-f4d1-9dd9001d7d7f" testName="APIBack.Tests.Unit.RiderPayTests.CalendarPeriodsUseFullAmountAndDoNotPretendHalfMonthIsFifteenDays(mode: &quot;month&quot;, start: &quot;2026-02-01T00:00:00-03:00&quot;, end: &quot;2026-03-01T00:00:00-03:00&quot;)" computerName="LMINOTE-1096" duration="00:00:00.0539208" startTime="2026-10-08T17:54:53.5250572-03:00" endTime="2026-10-08T17:54:53.5250576-03:00" testType="13cdc9d9-ddb5-4fa4-a97d-d965ccfc6d4b" outcome="Passed" testListId="8c84fa94-04c1-424b-9868-57a2d4851a1d" relativeResultsDirectory="04e0b737-0989-4ca4-9599-7b81f6f7c21e" />
    <UnitTestResult executionId="73333ac7-d055-4dd0-9f38-0fd1aba36528" testId="25d1e2a0-528a-5c32-1189-f6982778a4fc" testName="APIBack.Tests.Unit.RiderPayTests.InvalidRateCannotBeRoundedSilently(value: 1000001)" computerName="LMINOTE-1096" duration="00:00:00.0001046" startTime="2026-10-08T17:54:53.5824516-03:00" endTime="2026-10-08T17:54:53.5824518-03:00" testType="13cdc9d9-ddb5-4fa4-a97d-d965ccfc6d4b" outcome="Passed" testListId="8c84fa94-04c1-424b-9868-57a2d4851a1d" relativeResultsDirectory="73333ac7-d055-4dd0-9f38-0fd1aba36528" />
    <UnitTestResult executionId="f6f7bf03-f150-4af1-bcbf-eb6530a0fb5f" testId="5070db4f-3ecf-7623-2f90-f30eace32aff" testName="APIBack.Tests.Integration.DeliverySyncDatabaseTests.WorkQuotesFreezeAndCompletionCashDoesNotIncludeCustomerChange" computerName="LMINOTE-1096" duration="00:00:01.0415539" startTime="2026-10-08T17:55:00.1924064-03:00" endTime="2026-10-08T17:55:00.1924071-03:00" testType="13cdc9d9-ddb5-4fa4-a97d-d965ccfc6d4b" outcome="Passed" testListId="8c84fa94-04c1-424b-9868-57a2d4851a1d" relativeResultsDirectory="f6f7bf03-f150-4af1-bcbf-eb6530a0fb5f" />
    <UnitTestResult executionId="0e49c58c-3f71-4d5d-8126-49999868bf89" testId="beeb3b7c-883e-f687-3f6e-21843312c901" testName="APIBack.Tests.Unit.RiderPayTests.InvalidRateCannotBeRoundedSilently(value: -1)" computerName="LMINOTE-1096" duration="00:00:00.0000831" startTime="2026-10-08T17:54:53.5828506-03:00" endTime="2026-10-08T17:54:53.5828508-03:00" testType="13cdc9d9-ddb5-4fa4-a97d-d965ccfc6d4b" outcome="Passed" testListId="8c84fa94-04c1-424b-9868-57a2d4851a1d" relativeResultsDirectory="0e49c58c-3f71-4d5d-8126-49999868bf89" />
    <UnitTestResult executionId="947ba66e-00a2-4e99-9c4d-db5370d1a266" testId="8914c722-bf17-e942-afff-cd6918d6aa5c" testName="APIBack.Tests.Integration.DeliverySyncDatabaseTests.WorkOfferRequiresSameFinancialVersionAndRefusalCreatesNoEarning" computerName="LMINOTE-1096" duration="00:00:01.2910702" startTime="2026-10-08T17:54:56.7038857-03:00" endTime="2026-10-08T17:54:56.7038865-03:00" testType="13cdc9d9-ddb5-4fa4-a97d-d965ccfc6d4b" outcome="Passed" testListId="8c84fa94-04c1-424b-9868-57a2d4851a1d" relativeResultsDirectory="947ba66e-00a2-4e99-9c4d-db5370d1a266" />
    <UnitTestResult executionId="3dfa5d14-9278-4544-aaf7-bd8564215d91" testId="8d6ec308-6dda-91e7-5cd4-8001b304a89d" testName="APIBack.Tests.Unit.OperationalSessionServiceTests.EndSession_PropagatesPendingWorkConflict" computerName="LMINOTE-1096" duration="00:00:00.3815080" startTime="2026-10-08T17:54:53.7847080-03:00" endTime="2026-10-08T17:54:53.7847089-03:00" testType="13cdc9d9-ddb5-4fa4-a97d-d965ccfc6d4b" outcome="Passed" testListId="8c84fa94-04c1-424b-9868-57a2d4851a1d" relativeResultsDirectory="3dfa5d14-9278-4544-aaf7-bd8564215d91" />
    <UnitTestResult executionId="d925a204-891c-4342-a056-3d508853ffae" testId="2b0e5498-2a28-13cc-a63d-b9d9959f49ec" testName="APIBack.Tests.Unit.RiderPayTests.InvalidRateCannotBeRoundedSilently(value: 0)" computerName="LMINOTE-1096" duration="00:00:00.0007845" startTime="2026-10-08T17:54:53.5823208-03:00" endTime="2026-10-08T17:54:53.5823211-03:00" testType="13cdc9d9-ddb5-4fa4-a97d-d965ccfc6d4b" outcome="Passed" testListId="8c84fa94-04c1-424b-9868-57a2d4851a1d" relativeResultsDirectory="d925a204-891c-4342-a056-3d508853ffae" />
    <UnitTestResult executionId="b1461429-cc84-4a7a-b600-6fae85fc3200" testId="cae0dfd7-85f6-9a0b-4c2e-69a34b8b05e0" testName="APIBack.Tests.Unit.RiderPayTests.SettlementHasDistinctReviewPaymentAndAcknowledgment" computerName="LMINOTE-1096" duration="00:00:00.0086351" startTime="2026-10-08T17:54:53.5122553-03:00" endTime="2026-10-08T17:54:53.5123804-03:00" testType="13cdc9d9-ddb5-4fa4-a97d-d965ccfc6d4b" outcome="Passed" testListId="8c84fa94-04c1-424b-9868-57a2d4851a1d" relativeResultsDirectory="b1461429-cc84-4a7a-b600-6fae85fc3200" />
    <UnitTestResult executionId="37ed54ce-ae27-428e-aca1-bcb355aea938" testId="2d0b7281-dc15-3ecb-b8a6-4619e27c217d" testName="APIBack.Tests.Unit.RiderPayTests.CalendarPeriodsUseFullAmountAndDoNotPretendHalfMonthIsFifteenDays(mode: &quot;fortnight&quot;, start: &quot;2026-01-01T00:00:00-03:00&quot;, end: &quot;2026-01-16T00:00:00-03:00&quot;)" computerName="LMINOTE-1096" duration="00:00:00.0011599" startTime="2026-10-08T17:54:53.5265829-03:00" endTime="2026-10-08T17:54:53.5265834-03:00" testType="13cdc9d9-ddb5-4fa4-a97d-d965ccfc6d4b" outcome="Passed" testListId="8c84fa94-04c1-424b-9868-57a2d4851a1d" relativeResultsDirectory="37ed54ce-ae27-428e-aca1-bcb355aea938" />
    <UnitTestResult executionId="7a2c40c0-330a-4af4-aa1c-2df32253142d" testId="e2a1dcd9-672d-a6bc-260e-a7ece32148aa" testName="APIBack.Tests.Integration.DeliverySyncDatabaseTests.WorkHourlyPeriodsAreIdempotentAndRejectOverlaps" computerName="LMINOTE-1096" duration="00:00:00.5616795" startTime="2026-10-08T17:54:57.2662116-03:00" endTime="2026-10-08T17:54:57.2662123-03:00" testType="13cdc9d9-ddb5-4fa4-a97d-d965ccfc6d4b" outcome="Passed" testListId="8c84fa94-04c1-424b-9868-57a2d4851a1d" relativeResultsDirectory="7a2c40c0-330a-4af4-aa1c-2df32253142d" />
    <UnitTestResult executionId="ee1775c8-730c-4f2c-b3c8-73265b3c2f08" testId="7f440291-fa0a-1577-32bc-31d19b0e09a1" testName="APIBack.Tests.Unit.RiderPayTests.RejectedModesCannotBecomePaymentPlans(mode: &quot;hybrid&quot;)" computerName="LMINOTE-1096" duration="00:00:00.0000813" startTime="2026-10-08T17:54:53.5763634-03:00" endTime="2026-10-08T17:54:53.5763636-03:00" testType="13cdc9d9-ddb5-4fa4-a97d-d965ccfc6d4b" outcome="Passed" testListId="8c84fa94-04c1-424b-9868-57a2d4851a1d" relativeResultsDirectory="ee1775c8-730c-4f2c-b3c8-73265b3c2f08" />
    <UnitTestResult executionId="be44d80b-8425-4809-b147-2476fa87f4bd" testId="60bf61a0-ad27-73fd-c5bf-b084f99b253a" testName="APIBack.Tests.Unit.RiderPayTests.RejectedModesCannotBecomePaymentPlans(mode: &quot;production&quot;)" computerName="LMINOTE-1096" duration="00:00:00.0006052" startTime="2026-10-08T17:54:53.5760968-03:00" endTime="2026-10-08T17:54:53.5760970-03:00" testType="13cdc9d9-ddb5-4fa4-a97d-d965ccfc6d4b" outcome="Passed" testListId="8c84fa94-04c1-424b-9868-57a2d4851a1d" relativeResultsDirectory="be44d80b-8425-4809-b147-2476fa87f4bd" />
    <UnitTestResult executionId="4e408c80-106e-4efe-bf1b-0a909fbd3116" testId="eb210e8b-c624-7526-9f5d-a31e00758c85" testName="APIBack.Tests.Unit.RiderPayTests.RejectedModesCannotBecomePaymentPlans(mode: &quot;percent&quot;)" computerName="LMINOTE-1096" duration="00:00:00.0001030" startTime="2026-10-08T17:54:53.5817845-03:00" endTime="2026-10-08T17:54:53.5817848-03:00" testType="13cdc9d9-ddb5-4fa4-a97d-d965ccfc6d4b" outcome="Passed" testListId="8c84fa94-04c1-424b-9868-57a2d4851a1d" relativeResultsDirectory="4e408c80-106e-4efe-bf1b-0a909fbd3116" />
    <UnitTestResult executionId="cfc3a3cb-5c90-4ab5-b2a9-5795f92353f2" testId="353fc193-43c7-f5f1-43c0-804a2b103a7d" testName="APIBack.Tests.Unit.RiderPayTests.RejectedModesCannotBecomePaymentPlans(mode: &quot;route&quot;)" computerName="LMINOTE-1096" duration="00:00:00.0015241" startTime="2026-10-08T17:54:53.5759436-03:00" endTime="2026-10-08T17:54:53.5759438-03:00" testType="13cdc9d9-ddb5-4fa4-a97d-d965ccfc6d4b" outcome="Passed" testListId="8c84fa94-04c1-424b-9868-57a2d4851a1d" relativeResultsDirectory="cfc3a3cb-5c90-4ab5-b2a9-5795f92353f2" />
    <UnitTestResult executionId="4224b2ee-a7ae-4de4-a468-a18b5de211e2" testId="b39b9a13-da72-2bc4-df79-e83a0c7e0255" testName="APIBack.Tests.Unit.RiderPayTests.SettlementCannotSkipReviewOrBePaidUnilaterally(status: &quot;draft&quot;, action: &quot;pay&quot;, owner: False)" computerName="LMINOTE-1096" duration="00:00:00.0012658" startTime="2026-10-08T17:54:53.5272204-03:00" endTime="2026-10-08T17:54:53.5272207-03:00" testType="13cdc9d9-ddb5-4fa4-a97d-d965ccfc6d4b" outcome="Passed" testListId="8c84fa94-04c1-424b-9868-57a2d4851a1d" relativeResultsDirectory="4224b2ee-a7ae-4de4-a468-a18b5de211e2" />
    <UnitTestResult executionId="27282414-075f-4917-911b-00e30a5ef5e6" testId="94e9088b-2d9f-6d1f-69ef-5a817a37ce42" testName="APIBack.Tests.Unit.RiderPayTests.SettlementCannotSkipReviewOrBePaidUnilaterally(status: &quot;received&quot;, action: &quot;cancel&quot;, owner: False)" computerName="LMINOTE-1096" duration="00:00:00.0003773" startTime="2026-10-08T17:54:53.5754386-03:00" endTime="2026-10-08T17:54:53.5754389-03:00" testType="13cdc9d9-ddb5-4fa4-a97d-d965ccfc6d4b" outcome="Passed" testListId="8c84fa94-04c1-424b-9868-57a2d4851a1d" relativeResultsDirectory="27282414-075f-4917-911b-00e30a5ef5e6" />
  </Results>
  <TestDefinitions>
    <UnitTest name="APIBack.Tests.Integration.DeliverySyncDatabaseTests.WorkMigrationVerifiesAndRollbackOnlyAllowsEmptyTables" storage="c:\users\farley.silva\motoboyapp\motoboybackend\bin\debug\net8.0\apiback.dll" id="71abe8f5-3b71-9730-6535-bf395d26a11b">
      <Execution id="10db80b5-6c58-41ef-b954-429b8ad48e17" />
      <TestMethod codeBase="C:\Users\farley.silva\MotoboyApp\motoboyBackEnd\bin\Debug\net8.0\APIBack.dll" adapterTypeName="executor://xunit/VsTestRunner2/netcoreapp" className="APIBack.Tests.Integration.DeliverySyncDatabaseTests" name="WorkMigrationVerifiesAndRollbackOnlyAllowsEmptyTables" />
    </UnitTest>
    <UnitTest name="APIBack.Tests.Unit.RiderPayTests.CalendarPeriodsUseFullAmountAndDoNotPretendHalfMonthIsFifteenDays(mode: &quot;month&quot;, start: &quot;2026-02-01T00:00:00-03:00&quot;, end: &quot;2026-03-01T00:00:00-03:00&quot;)" storage="c:\users\farley.silva\motoboyapp\motoboybackend\bin\debug\net8.0\apiback.dll" id="66bad8f8-2983-e150-f4d1-9dd9001d7d7f">
      <Execution id="04e0b737-0989-4ca4-9599-7b81f6f7c21e" />
      <TestMethod codeBase="C:\Users\farley.silva\MotoboyApp\motoboyBackEnd\bin\Debug\net8.0\APIBack.dll" adapterTypeName="executor://xunit/VsTestRunner2/netcoreapp" className="APIBack.Tests.Unit.RiderPayTests" name="CalendarPeriodsUseFullAmountAndDoNotPretendHalfMonthIsFifteenDays" />
    </UnitTest>
    <UnitTest name="APIBack.Tests.Unit.RiderPayTests.RejectedModesCannotBecomePaymentPlans(mode: &quot;negotiated&quot;)" storage="c:\users\farley.silva\motoboyapp\motoboybackend\bin\debug\net8.0\apiback.dll" id="ddf81f32-9565-b30d-a31a-caec8874904b">
      <Execution id="cd131266-52b5-476a-b80c-ada1bfda37cb" />
      <TestMethod codeBase="C:\Users\farley.silva\MotoboyApp\motoboyBackEnd\bin\Debug\net8.0\APIBack.dll" adapterTypeName="executor://xunit/VsTestRunner2/netcoreapp" className="APIBack.Tests.Unit.RiderPayTests" name="RejectedModesCannotBecomePaymentPlans" />
    </UnitTest>
    <UnitTest name="APIBack.Tests.Unit.RiderPayTests.DistanceIsOnlyRateTimesKnownDistanceAndRoundsCents" storage="c:\users\farley.silva\motoboyapp\motoboybackend\bin\debug\net8.0\apiback.dll" id="78a8f86c-8f1b-7cb1-9402-b8a29ed647ba">
      <Execution id="3f25fa5e-8cf7-4e59-8af8-a9337f476720" />
      <TestMethod codeBase="C:\Users\farley.silva\MotoboyApp\motoboyBackEnd\bin\Debug\net8.0\APIBack.dll" adapterTypeName="executor://xunit/VsTestRunner2/netcoreapp" className="APIBack.Tests.Unit.RiderPayTests" name="DistanceIsOnlyRateTimesKnownDistanceAndRoundsCents" />
    </UnitTest>
    <UnitTest name="APIBack.Tests.Unit.RiderPayTests.InvalidRateCannotBeRoundedSilently(value: 1000001)" storage="c:\users\farley.silva\motoboyapp\motoboybackend\bin\debug\net8.0\apiback.dll" id="25d1e2a0-528a-5c32-1189-f6982778a4fc">
      <Execution id="73333ac7-d055-4dd0-9f38-0fd1aba36528" />
      <TestMethod codeBase="C:\Users\farley.silva\MotoboyApp\motoboyBackEnd\bin\Debug\net8.0\APIBack.dll" adapterTypeName="executor://xunit/VsTestRunner2/netcoreapp" className="APIBack.Tests.Unit.RiderPayTests" name="InvalidRateCannotBeRoundedSilently" />
    </UnitTest>
    <UnitTest name="APIBack.Tests.Integration.DeliverySyncDatabaseTests.WorkSettlementRequiresReviewAndCashReturnIsIndependentOfPay" storage="c:\users\farley.silva\motoboyapp\motoboybackend\bin\debug\net8.0\apiback.dll" id="6bf3926e-60fc-00e7-fdfa-8b2a599d8cba">
      <Execution id="5f12dab4-9531-449e-84f0-88660030bcf6" />
      <TestMethod codeBase="C:\Users\farley.silva\MotoboyApp\motoboyBackEnd\bin\Debug\net8.0\APIBack.dll" adapterTypeName="executor://xunit/VsTestRunner2/netcoreapp" className="APIBack.Tests.Integration.DeliverySyncDatabaseTests" name="WorkSettlementRequiresReviewAndCashReturnIsIndependentOfPay" />
    </UnitTest>
    <UnitTest name="APIBack.Tests.Unit.RiderPayTests.SettlementHasDistinctReviewPaymentAndAcknowledgment" storage="c:\users\farley.silva\motoboyapp\motoboybackend\bin\debug\net8.0\apiback.dll" id="cae0dfd7-85f6-9a0b-4c2e-69a34b8b05e0">
      <Execution id="b1461429-cc84-4a7a-b600-6fae85fc3200" />
      <TestMethod codeBase="C:\Users\farley.silva\MotoboyApp\motoboyBackEnd\bin\Debug\net8.0\APIBack.dll" adapterTypeName="executor://xunit/VsTestRunner2/netcoreapp" className="APIBack.Tests.Unit.RiderPayTests" name="SettlementHasDistinctReviewPaymentAndAcknowledgment" />
    </UnitTest>
    <UnitTest name="APIBack.Tests.Unit.RiderPayTests.SettlementCannotSkipReviewOrBePaidUnilaterally(status: &quot;reviewed&quot;, action: &quot;receive&quot;, owner: True)" storage="c:\users\farley.silva\motoboyapp\motoboybackend\bin\debug\net8.0\apiback.dll" id="36cd1b39-ecbc-fe53-b4d3-27850fce8783">
      <Execution id="d79d3369-868a-4a73-8a78-ccdc59bd06f2" />
      <TestMethod codeBase="C:\Users\farley.silva\MotoboyApp\motoboyBackEnd\bin\Debug\net8.0\APIBack.dll" adapterTypeName="executor://xunit/VsTestRunner2/netcoreapp" className="APIBack.Tests.Unit.RiderPayTests" name="SettlementCannotSkipReviewOrBePaidUnilaterally" />
    </UnitTest>
    <UnitTest name="APIBack.Tests.Unit.RiderPayTests.RejectedModesCannotBecomePaymentPlans(mode: &quot;route&quot;)" storage="c:\users\farley.silva\motoboyapp\motoboybackend\bin\debug\net8.0\apiback.dll" id="353fc193-43c7-f5f1-43c0-804a2b103a7d">
      <Execution id="cfc3a3cb-5c90-4ab5-b2a9-5795f92353f2" />
      <TestMethod codeBase="C:\Users\farley.silva\MotoboyApp\motoboyBackEnd\bin\Debug\net8.0\APIBack.dll" adapterTypeName="executor://xunit/VsTestRunner2/netcoreapp" className="APIBack.Tests.Unit.RiderPayTests" name="RejectedModesCannotBecomePaymentPlans" />
    </UnitTest>
    <UnitTest name="APIBack.Tests.Integration.DeliverySyncDatabaseTests.WorkHourlyPeriodsAreIdempotentAndRejectOverlaps" storage="c:\users\farley.silva\motoboyapp\motoboybackend\bin\debug\net8.0\apiback.dll" id="e2a1dcd9-672d-a6bc-260e-a7ece32148aa">
      <Execution id="7a2c40c0-330a-4af4-aa1c-2df32253142d" />
      <TestMethod codeBase="C:\Users\farley.silva\MotoboyApp\motoboyBackEnd\bin\Debug\net8.0\APIBack.dll" adapterTypeName="executor://xunit/VsTestRunner2/netcoreapp" className="APIBack.Tests.Integration.DeliverySyncDatabaseTests" name="WorkHourlyPeriodsAreIdempotentAndRejectOverlaps" />
    </UnitTest>
    <UnitTest name="APIBack.Tests.Unit.RiderPayTests.CalendarPeriodsUseFullAmountAndDoNotPretendHalfMonthIsFifteenDays(mode: &quot;fortnight&quot;, start: &quot;2026-01-01T00:00:00-03:00&quot;, end: &quot;2026-01-16T00:00:00-03:00&quot;)" storage="c:\users\farley.silva\motoboyapp\motoboybackend\bin\debug\net8.0\apiback.dll" id="2d0b7281-dc15-3ecb-b8a6-4619e27c217d">
      <Execution id="37ed54ce-ae27-428e-aca1-bcb355aea938" />
      <TestMethod codeBase="C:\Users\farley.silva\MotoboyApp\motoboyBackEnd\bin\Debug\net8.0\APIBack.dll" adapterTypeName="executor://xunit/VsTestRunner2/netcoreapp" className="APIBack.Tests.Unit.RiderPayTests" name="CalendarPeriodsUseFullAmountAndDoNotPretendHalfMonthIsFifteenDays" />
    </UnitTest>
    <UnitTest name="APIBack.Tests.Unit.RiderPayTests.SettlementCannotSkipReviewOrBePaidUnilaterally(status: &quot;draft&quot;, action: &quot;pay&quot;, owner: False)" storage="c:\users\farley.silva\motoboyapp\motoboybackend\bin\debug\net8.0\apiback.dll" id="b39b9a13-da72-2bc4-df79-e83a0c7e0255">
      <Execution id="4224b2ee-a7ae-4de4-a468-a18b5de211e2" />
      <TestMethod codeBase="C:\Users\farley.silva\MotoboyApp\motoboyBackEnd\bin\Debug\net8.0\APIBack.dll" adapterTypeName="executor://xunit/VsTestRunner2/netcoreapp" className="APIBack.Tests.Unit.RiderPayTests" name="SettlementCannotSkipReviewOrBePaidUnilaterally" />
    </UnitTest>
    <UnitTest name="APIBack.Tests.Unit.RiderPayTests.CalendarPeriodsUseFullAmountAndDoNotPretendHalfMonthIsFifteenDays(mode: &quot;week&quot;, start: &quot;2026-01-05T00:00:00-03:00&quot;, end: &quot;2026-01-12T00:00:00-03:00&quot;)" storage="c:\users\farley.silva\motoboyapp\motoboybackend\bin\debug\net8.0\apiback.dll" id="9d551be1-7ec8-adf7-919a-11fcbd157328">
      <Execution id="71c407ad-95f5-4a6f-9f91-43db84eb8e62" />
      <TestMethod codeBase="C:\Users\farley.silva\MotoboyApp\motoboyBackEnd\bin\Debug\net8.0\APIBack.dll" adapterTypeName="executor://xunit/VsTestRunner2/netcoreapp" className="APIBack.Tests.Unit.RiderPayTests" name="CalendarPeriodsUseFullAmountAndDoNotPretendHalfMonthIsFifteenDays" />
    </UnitTest>
    <UnitTest name="APIBack.Tests.Unit.RiderPayTests.HourUsesConfirmedMinutesNotCalendarDuration" storage="c:\users\farley.silva\motoboyapp\motoboybackend\bin\debug\net8.0\apiback.dll" id="949c0de4-a49b-a523-8c72-f71c0d959632">
      <Execution id="2f745aaf-3ff9-4408-9bc0-bf2ab864b575" />
      <TestMethod codeBase="C:\Users\farley.silva\MotoboyApp\motoboyBackEnd\bin\Debug\net8.0\APIBack.dll" adapterTypeName="executor://xunit/VsTestRunner2/netcoreapp" className="APIBack.Tests.Unit.RiderPayTests" name="HourUsesConfirmedMinutesNotCalendarDuration" />
    </UnitTest>
    <UnitTest name="APIBack.Tests.Unit.RiderPayTests.RejectedModesCannotBecomePaymentPlans(mode: &quot;percent&quot;)" storage="c:\users\farley.silva\motoboyapp\motoboybackend\bin\debug\net8.0\apiback.dll" id="eb210e8b-c624-7526-9f5d-a31e00758c85">
      <Execution id="4e408c80-106e-4efe-bf1b-0a909fbd3116" />
      <TestMethod codeBase="C:\Users\farley.silva\MotoboyApp\motoboyBackEnd\bin\Debug\net8.0\APIBack.dll" adapterTypeName="executor://xunit/VsTestRunner2/netcoreapp" className="APIBack.Tests.Unit.RiderPayTests" name="RejectedModesCannotBecomePaymentPlans" />
    </UnitTest>
    <UnitTest name="APIBack.Tests.Unit.RiderPayTests.SettlementCannotSkipReviewOrBePaidUnilaterally(status: &quot;paid&quot;, action: &quot;pay&quot;, owner: False)" storage="c:\users\farley.silva\motoboyapp\motoboybackend\bin\debug\net8.0\apiback.dll" id="bd2cb263-bb60-e511-098b-b0e972cf95c1">
      <Execution id="405c9d7e-fab0-46d2-b2c9-7b54a35ca267" />
      <TestMethod codeBase="C:\Users\farley.silva\MotoboyApp\motoboyBackEnd\bin\Debug\net8.0\APIBack.dll" adapterTypeName="executor://xunit/VsTestRunner2/netcoreapp" className="APIBack.Tests.Unit.RiderPayTests" name="SettlementCannotSkipReviewOrBePaidUnilaterally" />
    </UnitTest>
    <UnitTest name="APIBack.Tests.Unit.RiderPayTests.RejectedModesCannotBecomePaymentPlans(mode: &quot;production&quot;)" storage="c:\users\farley.silva\motoboyapp\motoboybackend\bin\debug\net8.0\apiback.dll" id="60bf61a0-ad27-73fd-c5bf-b084f99b253a">
      <Execution id="be44d80b-8425-4809-b147-2476fa87f4bd" />
      <TestMethod codeBase="C:\Users\farley.silva\MotoboyApp\motoboyBackEnd\bin\Debug\net8.0\APIBack.dll" adapterTypeName="executor://xunit/VsTestRunner2/netcoreapp" className="APIBack.Tests.Unit.RiderPayTests" name="RejectedModesCannotBecomePaymentPlans" />
    </UnitTest>
    <UnitTest name="APIBack.Tests.Unit.RiderPayTests.CalendarPeriodsUseFullAmountAndDoNotPretendHalfMonthIsFifteenDays(mode: &quot;day&quot;, start: &quot;2026-01-01T00:00:00-03:00&quot;, end: &quot;2026-01-02T00:00:00-03:00&quot;)" storage="c:\users\farley.silva\motoboyapp\motoboybackend\bin\debug\net8.0\apiback.dll" id="a29595b3-09cc-1261-9b15-5354258b9f42">
      <Execution id="ec1977da-6c6a-492b-b9f9-52f28f40663e" />
      <TestMethod codeBase="C:\Users\farley.silva\MotoboyApp\motoboyBackEnd\bin\Debug\net8.0\APIBack.dll" adapterTypeName="executor://xunit/VsTestRunner2/netcoreapp" className="APIBack.Tests.Unit.RiderPayTests" name="CalendarPeriodsUseFullAmountAndDoNotPretendHalfMonthIsFifteenDays" />
    </UnitTest>
    <UnitTest name="APIBack.Tests.Unit.RiderPayTests.InvalidRateCannotBeRoundedSilently(value: 1,001)" storage="c:\users\farley.silva\motoboyapp\motoboybackend\bin\debug\net8.0\apiback.dll" id="7186da43-fc01-c5af-725e-f96fb50d7b2e">
      <Execution id="6e7ed646-4618-4d67-88e0-bee888950cc5" />
      <TestMethod codeBase="C:\Users\farley.silva\MotoboyApp\motoboyBackEnd\bin\Debug\net8.0\APIBack.dll" adapterTypeName="executor://xunit/VsTestRunner2/netcoreapp" className="APIBack.Tests.Unit.RiderPayTests" name="InvalidRateCannotBeRoundedSilently" />
    </UnitTest>
    <UnitTest name="APIBack.Tests.Unit.RiderPayTests.CalendarPeriodsUseFullAmountAndDoNotPretendHalfMonthIsFifteenDays(mode: &quot;fortnight&quot;, start: &quot;2026-01-16T00:00:00-03:00&quot;, end: &quot;2026-02-01T00:00:00-03:00&quot;)" storage="c:\users\farley.silva\motoboyapp\motoboybackend\bin\debug\net8.0\apiback.dll" id="b68a8bc6-588d-193c-870e-7ba7beb6dc00">
      <Execution id="7741d439-aa9d-4088-9c00-f0bbb856c4d9" />
      <TestMethod codeBase="C:\Users\farley.silva\MotoboyApp\motoboyBackEnd\bin\Debug\net8.0\APIBack.dll" adapterTypeName="executor://xunit/VsTestRunner2/netcoreapp" className="APIBack.Tests.Unit.RiderPayTests" name="CalendarPeriodsUseFullAmountAndDoNotPretendHalfMonthIsFifteenDays" />
    </UnitTest>
    <UnitTest name="APIBack.Tests.Unit.RiderPayTests.RejectedModesCannotBecomePaymentPlans(mode: &quot;hybrid&quot;)" storage="c:\users\farley.silva\motoboyapp\motoboybackend\bin\debug\net8.0\apiback.dll" id="7f440291-fa0a-1577-32bc-31d19b0e09a1">
      <Execution id="ee1775c8-730c-4f2c-b3c8-73265b3c2f08" />
      <TestMethod codeBase="C:\Users\farley.silva\MotoboyApp\motoboyBackEnd\bin\Debug\net8.0\APIBack.dll" adapterTypeName="executor://xunit/VsTestRunner2/netcoreapp" className="APIBack.Tests.Unit.RiderPayTests" name="RejectedModesCannotBecomePaymentPlans" />
    </UnitTest>
    <UnitTest name="APIBack.Tests.Integration.DeliverySyncDatabaseTests.WorkRejectsMissingPlanAndDistanceInsteadOfInventingZero" storage="c:\users\farley.silva\motoboyapp\motoboybackend\bin\debug\net8.0\apiback.dll" id="23907c42-1bc7-bdd3-b991-64dda9b9ba04">
      <Execution id="3b830c9d-de81-458a-b4e3-669899bf1022" />
      <TestMethod codeBase="C:\Users\farley.silva\MotoboyApp\motoboyBackEnd\bin\Debug\net8.0\APIBack.dll" adapterTypeName="executor://xunit/VsTestRunner2/netcoreapp" className="APIBack.Tests.Integration.DeliverySyncDatabaseTests" name="WorkRejectsMissingPlanAndDistanceInsteadOfInventingZero" />
    </UnitTest>
    <UnitTest name="APIBack.Tests.Unit.RiderPayTests.SettlementCannotSkipReviewOrBePaidUnilaterally(status: &quot;draft&quot;, action: &quot;pay&quot;, owner: True)" storage="c:\users\farley.silva\motoboyapp\motoboybackend\bin\debug\net8.0\apiback.dll" id="b968465c-c38c-8f91-a4b7-b88a4d6ce91c">
      <Execution id="2cd2b627-82f4-416a-b0bc-5a7bc73b2f4f" />
      <TestMethod codeBase="C:\Users\farley.silva\MotoboyApp\motoboyBackEnd\bin\Debug\net8.0\APIBack.dll" adapterTypeName="executor://xunit/VsTestRunner2/netcoreapp" className="APIBack.Tests.Unit.RiderPayTests" name="SettlementCannotSkipReviewOrBePaidUnilaterally" />
    </UnitTest>
    <UnitTest name="APIBack.Tests.Integration.DeliverySyncDatabaseTests.WorkIdentityAndMutationsAreRestrictedToTenantAndRider" storage="c:\users\farley.silva\motoboyapp\motoboybackend\bin\debug\net8.0\apiback.dll" id="cbe0bb54-4cf6-4269-a762-d298858e5f13">
      <Execution id="039181fe-dd81-49db-be37-e9cbaff2bfac" />
      <TestMethod codeBase="C:\Users\farley.silva\MotoboyApp\motoboyBackEnd\bin\Debug\net8.0\APIBack.dll" adapterTypeName="executor://xunit/VsTestRunner2/netcoreapp" className="APIBack.Tests.Integration.DeliverySyncDatabaseTests" name="WorkIdentityAndMutationsAreRestrictedToTenantAndRider" />
    </UnitTest>
    <UnitTest name="APIBack.Tests.Unit.RiderPayTests.SettlementCannotSkipReviewOrBePaidUnilaterally(status: &quot;received&quot;, action: &quot;cancel&quot;, owner: False)" storage="c:\users\farley.silva\motoboyapp\motoboybackend\bin\debug\net8.0\apiback.dll" id="94e9088b-2d9f-6d1f-69ef-5a817a37ce42">
      <Execution id="27282414-075f-4917-911b-00e30a5ef5e6" />
      <TestMethod codeBase="C:\Users\farley.silva\MotoboyApp\motoboyBackEnd\bin\Debug\net8.0\APIBack.dll" adapterTypeName="executor://xunit/VsTestRunner2/netcoreapp" className="APIBack.Tests.Unit.RiderPayTests" name="SettlementCannotSkipReviewOrBePaidUnilaterally" />
    </UnitTest>
    <UnitTest name="APIBack.Tests.Integration.DeliverySyncDatabaseTests.WorkBlocksUnconfirmedCashAndCancelledSettlementReleasesEntries" storage="c:\users\farley.silva\motoboyapp\motoboybackend\bin\debug\net8.0\apiback.dll" id="2d3856fe-187f-ba6b-6a69-f82a7478dfbd">
      <Execution id="037b42ad-1e75-42a3-9a05-6d9619326758" />
      <TestMethod codeBase="C:\Users\farley.silva\MotoboyApp\motoboyBackEnd\bin\Debug\net8.0\APIBack.dll" adapterTypeName="executor://xunit/VsTestRunner2/netcoreapp" className="APIBack.Tests.Integration.DeliverySyncDatabaseTests" name="WorkBlocksUnconfirmedCashAndCancelledSettlementReleasesEntries" />
    </UnitTest>
    <UnitTest name="APIBack.Tests.Unit.OperationalSessionServiceTests.EndSession_PropagatesPendingWorkConflict" storage="c:\users\farley.silva\motoboyapp\motoboybackend\bin\debug\net8.0\apiback.dll" id="8d6ec308-6dda-91e7-5cd4-8001b304a89d">
      <Execution id="3dfa5d14-9278-4544-aaf7-bd8564215d91" />
      <TestMethod codeBase="C:\Users\farley.silva\MotoboyApp\motoboyBackEnd\bin\Debug\net8.0\APIBack.dll" adapterTypeName="executor://xunit/VsTestRunner2/netcoreapp" className="APIBack.Tests.Unit.OperationalSessionServiceTests" name="EndSession_PropagatesPendingWorkConflict" />
    </UnitTest>
    <UnitTest name="APIBack.Tests.Integration.DeliverySyncDatabaseTests.WorkQuotesFreezeAndCompletionCashDoesNotIncludeCustomerChange" storage="c:\users\farley.silva\motoboyapp\motoboybackend\bin\debug\net8.0\apiback.dll" id="5070db4f-3ecf-7623-2f90-f30eace32aff">
      <Execution id="f6f7bf03-f150-4af1-bcbf-eb6530a0fb5f" />
      <TestMethod codeBase="C:\Users\farley.silva\MotoboyApp\motoboyBackEnd\bin\Debug\net8.0\APIBack.dll" adapterTypeName="executor://xunit/VsTestRunner2/netcoreapp" className="APIBack.Tests.Integration.DeliverySyncDatabaseTests" name="WorkQuotesFreezeAndCompletionCashDoesNotIncludeCustomerChange" />
    </UnitTest>
    <UnitTest name="APIBack.Tests.Unit.WaEventoWorkerTests.Falha_volta_para_a_fila_com_espera_crescente_e_na_quinta_tentativa_vira_erro" storage="c:\users\farley.silva\motoboyapp\motoboybackend\bin\debug\net8.0\apiback.dll" id="90a12240-9b29-fb3b-311f-189e17bd8e6f">
      <Execution id="0c3fcc95-56e3-494e-a996-fa0335ac0fc1" />
      <TestMethod codeBase="C:\Users\farley.silva\MotoboyApp\motoboyBackEnd\bin\Debug\net8.0\APIBack.dll" adapterTypeName="executor://xunit/VsTestRunner2/netcoreapp" className="APIBack.Tests.Unit.WaEventoWorkerTests" name="Falha_volta_para_a_fila_com_espera_crescente_e_na_quinta_tentativa_vira_erro" />
    </UnitTest>
    <UnitTest name="APIBack.Tests.Unit.RiderPayTests.InvalidRateCannotBeRoundedSilently(value: 0)" storage="c:\users\farley.silva\motoboyapp\motoboybackend\bin\debug\net8.0\apiback.dll" id="2b0e5498-2a28-13cc-a63d-b9d9959f49ec">
      <Execution id="d925a204-891c-4342-a056-3d508853ffae" />
      <TestMethod codeBase="C:\Users\farley.silva\MotoboyApp\motoboyBackEnd\bin\Debug\net8.0\APIBack.dll" adapterTypeName="executor://xunit/VsTestRunner2/netcoreapp" className="APIBack.Tests.Unit.RiderPayTests" name="InvalidRateCannotBeRoundedSilently" />
    </UnitTest>
    <UnitTest name="APIBack.Tests.Integration.DeliverySyncDatabaseTests.WorkOfferRequiresSameFinancialVersionAndRefusalCreatesNoEarning" storage="c:\users\farley.silva\motoboyapp\motoboybackend\bin\debug\net8.0\apiback.dll" id="8914c722-bf17-e942-afff-cd6918d6aa5c">
      <Execution id="947ba66e-00a2-4e99-9c4d-db5370d1a266" />
      <TestMethod codeBase="C:\Users\farley.silva\MotoboyApp\motoboyBackEnd\bin\Debug\net8.0\APIBack.dll" adapterTypeName="executor://xunit/VsTestRunner2/netcoreapp" className="APIBack.Tests.Integration.DeliverySyncDatabaseTests" name="WorkOfferRequiresSameFinancialVersionAndRefusalCreatesNoEarning" />
    </UnitTest>
    <UnitTest name="APIBack.Tests.Unit.WaEventoWorkerTests.Evento_processado_e_marcado_e_o_ignorado_guarda_o_motivo" storage="c:\users\farley.silva\motoboyapp\motoboybackend\bin\debug\net8.0\apiback.dll" id="eb6ad7cc-4c6a-0c06-9704-808d9a132cc8">
      <Execution id="92c9aa49-8164-4db5-a6fd-092cdb90490c" />
      <TestMethod codeBase="C:\Users\farley.silva\MotoboyApp\motoboyBackEnd\bin\Debug\net8.0\APIBack.dll" adapterTypeName="executor://xunit/VsTestRunner2/netcoreapp" className="APIBack.Tests.Unit.WaEventoWorkerTests" name="Evento_processado_e_marcado_e_o_ignorado_guarda_o_motivo" />
    </UnitTest>
    <UnitTest name="APIBack.Tests.Unit.RiderPayTests.InvalidRateCannotBeRoundedSilently(value: -1)" storage="c:\users\farley.silva\motoboyapp\motoboybackend\bin\debug\net8.0\apiback.dll" id="beeb3b7c-883e-f687-3f6e-21843312c901">
      <Execution id="0e49c58c-3f71-4d5d-8126-49999868bf89" />
      <TestMethod codeBase="C:\Users\farley.silva\MotoboyApp\motoboyBackEnd\bin\Debug\net8.0\APIBack.dll" adapterTypeName="executor://xunit/VsTestRunner2/netcoreapp" className="APIBack.Tests.Unit.RiderPayTests" name="InvalidRateCannotBeRoundedSilently" />
    </UnitTest>
    <UnitTest name="APIBack.Tests.Unit.RiderPayTests.PeriodCannotBeFutureRetroactiveOrDeliveryMode" storage="c:\users\farley.silva\motoboyapp\motoboybackend\bin\debug\net8.0\apiback.dll" id="35cf9a9f-d5bc-3257-686c-b5d87a3eb91b">
      <Execution id="f13bbd45-0f8a-431b-9123-a1dc92a4539d" />
      <TestMethod codeBase="C:\Users\farley.silva\MotoboyApp\motoboyBackEnd\bin\Debug\net8.0\APIBack.dll" adapterTypeName="executor://xunit/VsTestRunner2/netcoreapp" className="APIBack.Tests.Unit.RiderPayTests" name="PeriodCannotBeFutureRetroactiveOrDeliveryMode" />
    </UnitTest>
  </TestDefinitions>
  <TestEntries>
    <TestEntry testId="7186da43-fc01-c5af-725e-f96fb50d7b2e" executionId="6e7ed646-4618-4d67-88e0-bee888950cc5" testListId="8c84fa94-04c1-424b-9868-57a2d4851a1d" />
    <TestEntry testId="cbe0bb54-4cf6-4269-a762-d298858e5f13" executionId="039181fe-dd81-49db-be37-e9cbaff2bfac" testListId="8c84fa94-04c1-424b-9868-57a2d4851a1d" />
    <TestEntry testId="35cf9a9f-d5bc-3257-686c-b5d87a3eb91b" executionId="f13bbd45-0f8a-431b-9123-a1dc92a4539d" testListId="8c84fa94-04c1-424b-9868-57a2d4851a1d" />
    <TestEntry testId="bd2cb263-bb60-e511-098b-b0e972cf95c1" executionId="405c9d7e-fab0-46d2-b2c9-7b54a35ca267" testListId="8c84fa94-04c1-424b-9868-57a2d4851a1d" />
    <TestEntry testId="78a8f86c-8f1b-7cb1-9402-b8a29ed647ba" executionId="3f25fa5e-8cf7-4e59-8af8-a9337f476720" testListId="8c84fa94-04c1-424b-9868-57a2d4851a1d" />
    <TestEntry testId="949c0de4-a49b-a523-8c72-f71c0d959632" executionId="2f745aaf-3ff9-4408-9bc0-bf2ab864b575" testListId="8c84fa94-04c1-424b-9868-57a2d4851a1d" />
    <TestEntry testId="a29595b3-09cc-1261-9b15-5354258b9f42" executionId="ec1977da-6c6a-492b-b9f9-52f28f40663e" testListId="8c84fa94-04c1-424b-9868-57a2d4851a1d" />
    <TestEntry testId="6bf3926e-60fc-00e7-fdfa-8b2a599d8cba" executionId="5f12dab4-9531-449e-84f0-88660030bcf6" testListId="8c84fa94-04c1-424b-9868-57a2d4851a1d" />
    <TestEntry testId="b968465c-c38c-8f91-a4b7-b88a4d6ce91c" executionId="2cd2b627-82f4-416a-b0bc-5a7bc73b2f4f" testListId="8c84fa94-04c1-424b-9868-57a2d4851a1d" />
    <TestEntry testId="36cd1b39-ecbc-fe53-b4d3-27850fce8783" executionId="d79d3369-868a-4a73-8a78-ccdc59bd06f2" testListId="8c84fa94-04c1-424b-9868-57a2d4851a1d" />
    <TestEntry testId="23907c42-1bc7-bdd3-b991-64dda9b9ba04" executionId="3b830c9d-de81-458a-b4e3-669899bf1022" testListId="8c84fa94-04c1-424b-9868-57a2d4851a1d" />
    <TestEntry testId="2d3856fe-187f-ba6b-6a69-f82a7478dfbd" executionId="037b42ad-1e75-42a3-9a05-6d9619326758" testListId="8c84fa94-04c1-424b-9868-57a2d4851a1d" />
    <TestEntry testId="71abe8f5-3b71-9730-6535-bf395d26a11b" executionId="10db80b5-6c58-41ef-b954-429b8ad48e17" testListId="8c84fa94-04c1-424b-9868-57a2d4851a1d" />
    <TestEntry testId="9d551be1-7ec8-adf7-919a-11fcbd157328" executionId="71c407ad-95f5-4a6f-9f91-43db84eb8e62" testListId="8c84fa94-04c1-424b-9868-57a2d4851a1d" />
    <TestEntry testId="b68a8bc6-588d-193c-870e-7ba7beb6dc00" executionId="7741d439-aa9d-4088-9c00-f0bbb856c4d9" testListId="8c84fa94-04c1-424b-9868-57a2d4851a1d" />
    <TestEntry testId="eb6ad7cc-4c6a-0c06-9704-808d9a132cc8" executionId="92c9aa49-8164-4db5-a6fd-092cdb90490c" testListId="8c84fa94-04c1-424b-9868-57a2d4851a1d" />
    <TestEntry testId="ddf81f32-9565-b30d-a31a-caec8874904b" executionId="cd131266-52b5-476a-b80c-ada1bfda37cb" testListId="8c84fa94-04c1-424b-9868-57a2d4851a1d" />
    <TestEntry testId="90a12240-9b29-fb3b-311f-189e17bd8e6f" executionId="0c3fcc95-56e3-494e-a996-fa0335ac0fc1" testListId="8c84fa94-04c1-424b-9868-57a2d4851a1d" />
    <TestEntry testId="66bad8f8-2983-e150-f4d1-9dd9001d7d7f" executionId="04e0b737-0989-4ca4-9599-7b81f6f7c21e" testListId="8c84fa94-04c1-424b-9868-57a2d4851a1d" />
    <TestEntry testId="25d1e2a0-528a-5c32-1189-f6982778a4fc" executionId="73333ac7-d055-4dd0-9f38-0fd1aba36528" testListId="8c84fa94-04c1-424b-9868-57a2d4851a1d" />
    <TestEntry testId="5070db4f-3ecf-7623-2f90-f30eace32aff" executionId="f6f7bf03-f150-4af1-bcbf-eb6530a0fb5f" testListId="8c84fa94-04c1-424b-9868-57a2d4851a1d" />
    <TestEntry testId="beeb3b7c-883e-f687-3f6e-21843312c901" executionId="0e49c58c-3f71-4d5d-8126-49999868bf89" testListId="8c84fa94-04c1-424b-9868-57a2d4851a1d" />
    <TestEntry testId="8914c722-bf17-e942-afff-cd6918d6aa5c" executionId="947ba66e-00a2-4e99-9c4d-db5370d1a266" testListId="8c84fa94-04c1-424b-9868-57a2d4851a1d" />
    <TestEntry testId="8d6ec308-6dda-91e7-5cd4-8001b304a89d" executionId="3dfa5d14-9278-4544-aaf7-bd8564215d91" testListId="8c84fa94-04c1-424b-9868-57a2d4851a1d" />
    <TestEntry testId="2b0e5498-2a28-13cc-a63d-b9d9959f49ec" executionId="d925a204-891c-4342-a056-3d508853ffae" testListId="8c84fa94-04c1-424b-9868-57a2d4851a1d" />
    <TestEntry testId="cae0dfd7-85f6-9a0b-4c2e-69a34b8b05e0" executionId="b1461429-cc84-4a7a-b600-6fae85fc3200" testListId="8c84fa94-04c1-424b-9868-57a2d4851a1d" />
    <TestEntry testId="2d0b7281-dc15-3ecb-b8a6-4619e27c217d" executionId="37ed54ce-ae27-428e-aca1-bcb355aea938" testListId="8c84fa94-04c1-424b-9868-57a2d4851a1d" />
    <TestEntry testId="e2a1dcd9-672d-a6bc-260e-a7ece32148aa" executionId="7a2c40c0-330a-4af4-aa1c-2df32253142d" testListId="8c84fa94-04c1-424b-9868-57a2d4851a1d" />
    <TestEntry testId="7f440291-fa0a-1577-32bc-31d19b0e09a1" executionId="ee1775c8-730c-4f2c-b3c8-73265b3c2f08" testListId="8c84fa94-04c1-424b-9868-57a2d4851a1d" />
    <TestEntry testId="60bf61a0-ad27-73fd-c5bf-b084f99b253a" executionId="be44d80b-8425-4809-b147-2476fa87f4bd" testListId="8c84fa94-04c1-424b-9868-57a2d4851a1d" />
    <TestEntry testId="eb210e8b-c624-7526-9f5d-a31e00758c85" executionId="4e408c80-106e-4efe-bf1b-0a909fbd3116" testListId="8c84fa94-04c1-424b-9868-57a2d4851a1d" />
    <TestEntry testId="353fc193-43c7-f5f1-43c0-804a2b103a7d" executionId="cfc3a3cb-5c90-4ab5-b2a9-5795f92353f2" testListId="8c84fa94-04c1-424b-9868-57a2d4851a1d" />
    <TestEntry testId="b39b9a13-da72-2bc4-df79-e83a0c7e0255" executionId="4224b2ee-a7ae-4de4-a468-a18b5de211e2" testListId="8c84fa94-04c1-424b-9868-57a2d4851a1d" />
    <TestEntry testId="94e9088b-2d9f-6d1f-69ef-5a817a37ce42" executionId="27282414-075f-4917-911b-00e30a5ef5e6" testListId="8c84fa94-04c1-424b-9868-57a2d4851a1d" />
  </TestEntries>
  <TestLists>
    <TestList name="Resultados que não estão em uma lista" id="8c84fa94-04c1-424b-9868-57a2d4851a1d" />
    <TestList name="Todos os resultados carregados" id="19431567-8539-422a-85d7-44ee4e166bda" />
  </TestLists>
  <ResultSummary outcome="Completed">
    <Counters total="34" executed="34" passed="34" failed="0" error="0" timeout="0" aborted="0" inconclusive="0" passedButRunAborted="0" notRunnable="0" notExecuted="0" disconnected="0" warning="0" completed="0" inProgress="0" pending="0" />
    <Output>
      <StdOut>[xUnit.net 00:00:00.00] xUnit.net VSTest Adapter v2.4.5+1caef2f33e (64-bit .NET 8.0.31)&#xD;
[xUnit.net 00:00:01.40]   Discovering: APIBack&#xD;
[xUnit.net 00:00:02.32]   Discovered:  APIBack&#xD;
[xUnit.net 00:00:02.35]   Starting:    APIBack&#xD;
[xUnit.net 00:00:10.14]   Finished:    APIBack&#xD;
</StdOut>
    </Output>
  </ResultSummary>
</TestRun>